  Determinando los proyectos que se van a restaurar...
  Todos los proyectos est├ín actualizados para la restauraci├│n.
  TemplateGen.Core -> E:\94_genera_plantillas_word\src\TemplateGen.Core\bin\Debug\net10.0\TemplateGen.Core.dll
E:\94_genera_plantillas_word\src\TemplateGen.Cli\Program.cs(15,13): error CS1739: La mejor sobrecarga para 'Option' no tiene un par├ímetro denominado 'description' [E:\94_genera_plantillas_word\src\TemplateGen.Cli\TemplateGen.Cli.csproj]
E:\94_genera_plantillas_word\src\TemplateGen.Cli\Program.cs(17,13): error CS0117: 'Option<FileInfo>' no contiene una definici├│n para 'IsRequired' [E:\94_genera_plantillas_word\src\TemplateGen.Cli\TemplateGen.Cli.csproj]
E:\94_genera_plantillas_word\src\TemplateGen.Cli\Program.cs(22,13): error CS1739: La mejor sobrecarga para 'Option' no tiene un par├ímetro denominado 'description' [E:\94_genera_plantillas_word\src\TemplateGen.Cli\TemplateGen.Cli.csproj]
E:\94_genera_plantillas_word\src\TemplateGen.Cli\Program.cs(24,13): error CS0117: 'Option<DirectoryInfo>' no contiene una definici├│n para 'IsRequired' [E:\94_genera_plantillas_word\src\TemplateGen.Cli\TemplateGen.Cli.csproj]
E:\94_genera_plantillas_word\src\TemplateGen.Cli\Program.cs(29,13): error CS1739: La mejor sobrecarga para 'Option' no tiene un par├ímetro denominado 'description' [E:\94_genera_plantillas_word\src\TemplateGen.Cli\TemplateGen.Cli.csproj]
E:\94_genera_plantillas_word\src\TemplateGen.Cli\Program.cs(39,21): error CS1061: "RootCommand" no contiene una definici├│n para "SetHandler" ni un m├®todo de extensi├│n accesible "SetHandler" que acepte un primer argumento del tipo "RootCommand" (┬┐falta alguna directiva using o una referencia de ensamblado?) [E:\94_genera_plantillas_word\src\TemplateGen.Cli\TemplateGen.Cli.csproj]
E:\94_genera_plantillas_word\src\TemplateGen.Cli\Program.cs(44,34): error CS1061: "RootCommand" no contiene una definici├│n para "InvokeAsync" ni un m├®todo de extensi├│n accesible "InvokeAsync" que acepte un primer argumento del tipo "RootCommand" (┬┐falta alguna directiva using o una referencia de ensamblado?) [E:\94_genera_plantillas_word\src\TemplateGen.Cli\TemplateGen.Cli.csproj]

ERROR al compilar.

E:\94_genera_plantillas_word\src\TemplateGen.Cli\Program.cs(15,13): error CS1739: La mejor sobrecarga para 'Option' no tiene un par├ímetro denominado 'description' [E:\94_genera_plantillas_word\src\TemplateGen.Cli\TemplateGen.Cli.csproj]
E:\94_genera_plantillas_word\src\TemplateGen.Cli\Program.cs(17,13): error CS0117: 'Option<FileInfo>' no contiene una definici├│n para 'IsRequired' [E:\94_genera_plantillas_word\src\TemplateGen.Cli\TemplateGen.Cli.csproj]
E:\94_genera_plantillas_word\src\TemplateGen.Cli\Program.cs(22,13): error CS1739: La mejor sobrecarga para 'Option' no tiene un par├ímetro denominado 'description' [E:\94_genera_plantillas_word\src\TemplateGen.Cli\TemplateGen.Cli.csproj]
E:\94_genera_plantillas_word\src\TemplateGen.Cli\Program.cs(24,13): error CS0117: 'Option<DirectoryInfo>' no contiene una definici├│n para 'IsRequired' [E:\94_genera_plantillas_word\src\TemplateGen.Cli\TemplateGen.Cli.csproj]
E:\94_genera_plantillas_word\src\TemplateGen.Cli\Program.cs(29,13): error CS1739: La mejor sobrecarga para 'Option' no tiene un par├ímetro denominado 'description' [E:\94_genera_plantillas_word\src\TemplateGen.Cli\TemplateGen.Cli.csproj]
E:\94_genera_plantillas_word\src\TemplateGen.Cli\Program.cs(39,21): error CS1061: "RootCommand" no contiene una definici├│n para "SetHandler" ni un m├®todo de extensi├│n accesible "SetHandler" que acepte un primer argumento del tipo "RootCommand" (┬┐falta alguna directiva using o una referencia de ensamblado?) [E:\94_genera_plantillas_word\src\TemplateGen.Cli\TemplateGen.Cli.csproj]
E:\94_genera_plantillas_word\src\TemplateGen.Cli\Program.cs(44,34): error CS1061: "RootCommand" no contiene una definici├│n para "InvokeAsync" ni un m├®todo de extensi├│n accesible "InvokeAsync" que acepte un primer argumento del tipo "RootCommand" (┬┐falta alguna directiva using o una referencia de ensamblado?) [E:\94_genera_plantillas_word\src\TemplateGen.Cli\TemplateGen.Cli.csproj]
    0 Advertencia(s)
    7 Errores

Tiempo transcurrido 00:00:01.33
