  Determinando los proyectos que se van a restaurar...
  Todos los proyectos est├ín actualizados para la restauraci├│n.
E:\94_genera_plantillas_word\src\TemplateGen.Core\Services\StyleDefinitionsGenerator.cs(95,47): error CS1061: "RunPropertiesConfig" no contiene una definici├│n para "Underline" ni un m├®todo de extensi├│n accesible "Underline" que acepte un primer argumento del tipo "RunPropertiesConfig" (┬┐falta alguna directiva using o una referencia de ensamblado?) [E:\94_genera_plantillas_word\src\TemplateGen.Core\TemplateGen.Core.csproj]
E:\94_genera_plantillas_word\src\TemplateGen.Core\Services\StyleDefinitionsGenerator.cs(97,46): error CS1061: "RunPropertiesConfig" no contiene una definici├│n para "Underline" ni un m├®todo de extensi├│n accesible "Underline" que acepte un primer argumento del tipo "RunPropertiesConfig" (┬┐falta alguna directiva using o una referencia de ensamblado?) [E:\94_genera_plantillas_word\src\TemplateGen.Core\TemplateGen.Core.csproj]
E:\94_genera_plantillas_word\src\TemplateGen.Core\Services\StyleDefinitionsGenerator.cs(98,21): error CS0019: El operador '!=' no se puede aplicar a operandos del tipo 'int' y 'string' [E:\94_genera_plantillas_word\src\TemplateGen.Core\TemplateGen.Core.csproj]
E:\94_genera_plantillas_word\src\TemplateGen.Core\Services\StyleDefinitionsGenerator.cs(103,30): error CS0029: No se puede convertir impl├¡citamente el tipo 'string' en 'int' [E:\94_genera_plantillas_word\src\TemplateGen.Core\TemplateGen.Core.csproj]
E:\94_genera_plantillas_word\src\TemplateGen.Core\Services\StyleDefinitionsGenerator.cs(106,30): error CS0029: No se puede convertir impl├¡citamente el tipo 'string' en 'int' [E:\94_genera_plantillas_word\src\TemplateGen.Core\TemplateGen.Core.csproj]
E:\94_genera_plantillas_word\src\TemplateGen.Core\Services\NumberingDefinitionsGenerator.cs(118,49): warning CS8602: Desreferencia de una referencia posiblemente NULL. [E:\94_genera_plantillas_word\src\TemplateGen.Core\TemplateGen.Core.csproj]

ERROR al compilar.

E:\94_genera_plantillas_word\src\TemplateGen.Core\Services\NumberingDefinitionsGenerator.cs(118,49): warning CS8602: Desreferencia de una referencia posiblemente NULL. [E:\94_genera_plantillas_word\src\TemplateGen.Core\TemplateGen.Core.csproj]
E:\94_genera_plantillas_word\src\TemplateGen.Core\Services\StyleDefinitionsGenerator.cs(95,47): error CS1061: "RunPropertiesConfig" no contiene una definici├│n para "Underline" ni un m├®todo de extensi├│n accesible "Underline" que acepte un primer argumento del tipo "RunPropertiesConfig" (┬┐falta alguna directiva using o una referencia de ensamblado?) [E:\94_genera_plantillas_word\src\TemplateGen.Core\TemplateGen.Core.csproj]
E:\94_genera_plantillas_word\src\TemplateGen.Core\Services\StyleDefinitionsGenerator.cs(97,46): error CS1061: "RunPropertiesConfig" no contiene una definici├│n para "Underline" ni un m├®todo de extensi├│n accesible "Underline" que acepte un primer argumento del tipo "RunPropertiesConfig" (┬┐falta alguna directiva using o una referencia de ensamblado?) [E:\94_genera_plantillas_word\src\TemplateGen.Core\TemplateGen.Core.csproj]
E:\94_genera_plantillas_word\src\TemplateGen.Core\Services\StyleDefinitionsGenerator.cs(98,21): error CS0019: El operador '!=' no se puede aplicar a operandos del tipo 'int' y 'string' [E:\94_genera_plantillas_word\src\TemplateGen.Core\TemplateGen.Core.csproj]
E:\94_genera_plantillas_word\src\TemplateGen.Core\Services\StyleDefinitionsGenerator.cs(103,30): error CS0029: No se puede convertir impl├¡citamente el tipo 'string' en 'int' [E:\94_genera_plantillas_word\src\TemplateGen.Core\TemplateGen.Core.csproj]
E:\94_genera_plantillas_word\src\TemplateGen.Core\Services\StyleDefinitionsGenerator.cs(106,30): error CS0029: No se puede convertir impl├¡citamente el tipo 'string' en 'int' [E:\94_genera_plantillas_word\src\TemplateGen.Core\TemplateGen.Core.csproj]
    1 Advertencia(s)
    5 Errores

Tiempo transcurrido 00:00:03.80
