Compilaci├│n iniciada a las 01/01/2026 18:13:27.
     1>Proyecto "E:\94_genera_plantillas_word\src\TemplateGen.Tests\TemplateGen.Tests.csproj" en el nodo 1 (Restore destinos).
     1>_GetAllRestoreProjectPathItems:
         Determinando los proyectos que se van a restaurar...
     1>El proyecto "E:\94_genera_plantillas_word\src\TemplateGen.Tests\TemplateGen.Tests.csproj" (1) est├í compilando "E:\94_genera_plantillas_word\src\TemplateGen.Core\TemplateGen.Core.csproj" (2:4) en el nodo 1 (_GenerateProjectRestoreGraph destinos).
     2>AddPrunePackageReferences:
         Loading prune package data from PrunePackageData folder
         Failed to load prune package data from PrunePackageData folder, loading from targeting packs instead
         Looking for targeting packs in C:\Program Files\dotnet\packs\Microsoft.NETCore.App.Ref
         Pack directories found: C:\Program Files\dotnet\packs\Microsoft.NETCore.App.Ref\10.0.0
         Found package overrides file C:\Program Files\dotnet\packs\Microsoft.NETCore.App.Ref\10.0.0\data\PackageOverrides.txt
     2>Compilaci├│n del proyecto terminada "E:\94_genera_plantillas_word\src\TemplateGen.Core\TemplateGen.Core.csproj" (_GenerateProjectRestoreGraph destinos).
     1>Restore:
         La validaci├│n de la cadena de certificados X.509 utilizar├í el almac├®n de confianza predeterminado seleccionado por .NET para la firma de c├│digo.
         La validaci├│n de la cadena de certificados X.509 utilizar├í el almac├®n de confianza predeterminado seleccionado por .NET para la marca de tiempo.
         El archivo de recursos no ha cambiado, as├¡ que se omitir├í su escritura. Ruta de acceso: E:\94_genera_plantillas_word\src\TemplateGen.Core\obj\project.assets.json
         El archivo de recursos no ha cambiado, as├¡ que se omitir├í su escritura. Ruta de acceso: E:\94_genera_plantillas_word\src\TemplateGen.Tests\obj\project.assets.json
         Se ha restaurado E:\94_genera_plantillas_word\src\TemplateGen.Tests\TemplateGen.Tests.csproj (en 50 ms).
         Se ha restaurado E:\94_genera_plantillas_word\src\TemplateGen.Core\TemplateGen.Core.csproj (en 50 ms).
         
         Archivos de NuGet Config usados:
             C:\Users\diver\AppData\Roaming\NuGet\NuGet.Config
             C:\Program Files (x86)\NuGet\Config\Microsoft.VisualStudio.FallbackLocation.config
             C:\Program Files (x86)\NuGet\Config\Microsoft.VisualStudio.Offline.config
         
         Fuentes usadas:
             https://api.nuget.org/v3/index.json
             C:\Program Files (x86)\Microsoft SDKs\NuGetPackages\
             C:\Program Files\dotnet\library-packs
         Todos los proyectos est├ín actualizados para la restauraci├│n.
     1>Compilaci├│n del proyecto terminada "E:\94_genera_plantillas_word\src\TemplateGen.Tests\TemplateGen.Tests.csproj" (Restore destinos).
   1:7>Proyecto "E:\94_genera_plantillas_word\src\TemplateGen.Tests\TemplateGen.Tests.csproj" en el nodo 1 (VSTest destinos).
     1>BuildProject:
         Compilaci├│n iniciada, espere...
   1:7>El proyecto "E:\94_genera_plantillas_word\src\TemplateGen.Tests\TemplateGen.Tests.csproj" (1:7) est├í compilando "E:\94_genera_plantillas_word\src\TemplateGen.Tests\TemplateGen.Tests.csproj" (1:8) en el nodo 1 (destinos predeterminados).
   1:8>El proyecto "E:\94_genera_plantillas_word\src\TemplateGen.Tests\TemplateGen.Tests.csproj" (1:8) est├í compilando "E:\94_genera_plantillas_word\src\TemplateGen.Core\TemplateGen.Core.csproj" (2:6) en el nodo 1 (destinos predeterminados).
     2>GenerateTargetFrameworkMonikerAttribute:
       Se omitir├í el destino "GenerateTargetFrameworkMonikerAttribute" porque todos los archivos de salida est├ín actualizados respecto a los archivos de entrada.
       CoreGenerateAssemblyInfo:
       Se omitir├í el destino "CoreGenerateAssemblyInfo" porque todos los archivos de salida est├ín actualizados respecto a los archivos de entrada.
       _GenerateSourceLinkFile:
         El archivo de Source Link 'obj\Debug\net10.0\TemplateGen.Core.sourcelink.json' est├í actualizado.
       CoreCompile:
       Se omitir├í el destino "CoreCompile" porque todos los archivos de salida est├ín actualizados respecto a los archivos de entrada.
       GenerateBuildDependencyFile:
       Se omitir├í el destino "GenerateBuildDependencyFile" porque todos los archivos de salida est├ín actualizados respecto a los archivos de entrada.
       CopyFilesToOutputDirectory:
         TemplateGen.Core -> E:\94_genera_plantillas_word\src\TemplateGen.Core\bin\Debug\net10.0\TemplateGen.Core.dll
     2>Compilaci├│n del proyecto terminada "E:\94_genera_plantillas_word\src\TemplateGen.Core\TemplateGen.Core.csproj" (destinos predeterminados).
     1>GenerateTargetFrameworkMonikerAttribute:
       Se omitir├í el destino "GenerateTargetFrameworkMonikerAttribute" porque todos los archivos de salida est├ín actualizados respecto a los archivos de entrada.
       CoreGenerateAssemblyInfo:
       Se omitir├í el destino "CoreGenerateAssemblyInfo" porque todos los archivos de salida est├ín actualizados respecto a los archivos de entrada.
       _GenerateSourceLinkFile:
         El archivo de Source Link 'obj\Debug\net10.0\TemplateGen.Tests.sourcelink.json' est├í actualizado.
       CoreCompile:
       Se omitir├í el destino "CoreCompile" porque todos los archivos de salida est├ín actualizados respecto a los archivos de entrada.
       _CopyOutOfDateSourceItemsToOutputDirectory:
       Se omitir├í el destino "_CopyOutOfDateSourceItemsToOutputDirectory" porque todos los archivos de salida est├ín actualizados respecto a los archivos de entrada.
       GenerateBuildDependencyFile:
       Se omitir├í el destino "GenerateBuildDependencyFile" porque todos los archivos de salida est├ín actualizados respecto a los archivos de entrada.
       GenerateBuildRuntimeConfigurationFiles:
       Se omitir├í el destino "GenerateBuildRuntimeConfigurationFiles" porque todos los archivos de salida est├ín actualizados respecto a los archivos de entrada.
       CopyFilesToOutputDirectory:
         TemplateGen.Tests -> E:\94_genera_plantillas_word\src\TemplateGen.Tests\bin\Debug\net10.0\TemplateGen.Tests.dll
     1>Compilaci├│n del proyecto terminada "E:\94_genera_plantillas_word\src\TemplateGen.Tests\TemplateGen.Tests.csproj" (destinos predeterminados).
     1>BuildProject:
         Se complet├│ la compilaci├│n.
         
Serie de pruebas para E:\94_genera_plantillas_word\src\TemplateGen.Tests\bin\Debug\net10.0\TemplateGen.Tests.dll (.NETCoreApp,Version=v10.0)
Versi├│n 18.0.1 (x64) de VSTest

Iniciando la ejecuci├│n de pruebas, espere...
1 archivos de prueba en total coincidieron con el patr├│n especificado.
[xUnit.net 00:00:00.00] xUnit.net VSTest Adapter v3.1.4+50e68bbb8b (64-bit .NET 10.0.0)
[xUnit.net 00:00:00.07]   Discovering: TemplateGen.Tests
[xUnit.net 00:00:00.10]   Discovered:  TemplateGen.Tests
[xUnit.net 00:00:00.12]   Starting:    TemplateGen.Tests
[xUnit.net 00:00:01.09]       System.ArgumentException : Type provided must be an Enum. (Parameter 'TEnum')
[xUnit.net 00:00:01.09]       Stack Trace:
[xUnit.net 00:00:01.09]            at System.Enum.TryParse[TEnum](String value, Boolean ignoreCase, TEnum& result)
[xUnit.net 00:00:01.09]         E:\94_genera_plantillas_word\src\TemplateGen.Core\Services\NumberingDefinitionsGenerator.cs(96,0): at TemplateGen.Core.Services.NumberingDefinitionsGenerator.CreateHeadingAbstractNum(HeadingNumberingConfig config, Int32 id)
[xUnit.net 00:00:01.09]         E:\94_genera_plantillas_word\src\TemplateGen.Core\Services\NumberingDefinitionsGenerator.cs(20,0): at TemplateGen.Core.Services.NumberingDefinitionsGenerator.GenerateNumbering(NumberingConfig config)
[xUnit.net 00:00:01.09]         E:\94_genera_plantillas_word\src\TemplateGen.Core\Services\WordGeneratorService.cs(44,0): at TemplateGen.Core.Services.WordGeneratorService.Generate(TemplateProfile profile, String outputPath)
[xUnit.net 00:00:01.09]         E:\94_genera_plantillas_word\src\TemplateGen.Tests\WordGeneratorTests.cs(130,0): at TemplateGen.Tests.WordGeneratorTests.Generate_WithNumbering_CreatesNumberingPart()
[xUnit.net 00:00:01.09]            at System.Reflection.MethodBaseInvoker.InterpretedInvoke_Method(Object obj, IntPtr* args)
[xUnit.net 00:00:01.09]            at System.Reflection.MethodBaseInvoker.InvokeWithNoArgs(Object obj, BindingFlags invokeAttr)
[xUnit.net 00:00:01.09]   Finished:    TemplateGen.Tests
  Correctas TemplateGen.Tests.UnitTest1.Test1 [2 ms]
  Correctas TemplateGen.Tests.ProfileLoaderTests.LoadAsync_WithValidPath_ReturnsProfile [73 ms]
  Correctas TemplateGen.Tests.ProfileLoaderTests.LoadAsync_WithNonExistentFile_ThrowsFileNotFoundException [2 ms]
  Correctas TemplateGen.Tests.SchemaValidatorTests.Validate_MissingRequiredField_ReturnsError [112 ms]
  Correctas TemplateGen.Tests.SchemaValidatorTests.Validate_WrongType_ReturnsError [22 ms]
  Correctas TemplateGen.Tests.SchemaValidatorTests.Validate_ValidJson_ReturnsEmptyErrors [3 ms]
  Correctas TemplateGen.Tests.WordGeneratorTests.Generate_WithSettings_AppliesPageSetupAndStyles [884 ms]
  Correctas TemplateGen.Tests.WordGeneratorTests.Generate_CreatesValidDocxFile [37 ms]
  Con error TemplateGen.Tests.WordGeneratorTests.Generate_WithNumbering_CreatesNumberingPart [10 ms]
  Mensaje de error:
   System.ArgumentException : Type provided must be an Enum. (Parameter 'TEnum')
  Seguimiento de la pila:
     at System.Enum.TryParse[TEnum](String value, Boolean ignoreCase, TEnum& result)
   at TemplateGen.Core.Services.NumberingDefinitionsGenerator.CreateHeadingAbstractNum(HeadingNumberingConfig config, Int32 id) in E:\94_genera_plantillas_word\src\TemplateGen.Core\Services\NumberingDefinitionsGenerator.cs:line 96
   at TemplateGen.Core.Services.NumberingDefinitionsGenerator.GenerateNumbering(NumberingConfig config) in E:\94_genera_plantillas_word\src\TemplateGen.Core\Services\NumberingDefinitionsGenerator.cs:line 20
   at TemplateGen.Core.Services.WordGeneratorService.Generate(TemplateProfile profile, String outputPath) in E:\94_genera_plantillas_word\src\TemplateGen.Core\Services\WordGeneratorService.cs:line 44
   at TemplateGen.Tests.WordGeneratorTests.Generate_WithNumbering_CreatesNumberingPart() in E:\94_genera_plantillas_word\src\TemplateGen.Tests\WordGeneratorTests.cs:line 130
   at System.Reflection.MethodBaseInvoker.InterpretedInvoke_Method(Object obj, IntPtr* args)
   at System.Reflection.MethodBaseInvoker.InvokeWithNoArgs(Object obj, BindingFlags invokeAttr)

Pruebas totales: 9
     Correcto: 8
     Incorrecto: 1
 Tiempo total: 1,6044 Segundos
       _VSTestConsole:
         MSB4181: La tarea "VSTestTask" devolvi├│ false, pero no registr├│ un error.
     1>Compilaci├│n del proyecto terminada "E:\94_genera_plantillas_word\src\TemplateGen.Tests\TemplateGen.Tests.csproj" (VSTest destinos) -- ERROR.

ERROR al compilar.
    0 Advertencia(s)
    0 Errores

Tiempo transcurrido 00:00:03.08
